2026-05-31 09:38:07,990 - INFO - Cookies 加载成功
2026-05-31 09:38:07,994 - INFO - >>> [任务启动] 双接口巡逻 | 🏛️总馆藏: 0
2026-05-31 09:38:07,995 - INFO - --- 巡逻分区: 动画 (Rid:1) ---
2026-05-31 09:38:27,143 - INFO -    [NEW] 汪！汪！！汪！！！... | 弹幕:2624 | 问号:107 (4.08%)
2026-05-31 09:38:27,880 - INFO -    [NEW] Solar5 琳奈-... | 弹幕:5153 | 问号:2 (0.04%)
2026-05-31 09:38:29,703 - INFO -    [NEW] 火柴人 VS动画师 ... | 弹幕:15843 | 问号:711 (4.49%)
2026-05-31 09:38:31,669 - INFO - >> 数据已保存 (活跃: 3 | 🏛️总馆藏: 3)
2026-05-31 09:38:32,505 - INFO -    [NEW] 我们出道了！Sola... | 弹幕:4692 | 问号:4 (0.09%)
2026-05-31 09:38:33,764 - INFO -    [NEW] S4 08【中文字幕... | 弹幕:3585 | 问号:37 (1.03%)
2026-05-31 09:38:36,342 - INFO - >> 数据已保存 (活跃: 5 | 🏛️总馆藏: 5)
2026-05-31 09:38:58,235 - INFO -    [NEW] 富人：戒了烟我不习惯... | 弹幕:2600 | 问号:2 (0.08%)
2026-05-31 09:38:58,839 - INFO -    [NEW] 我如此庆幸，在这温柔... | 弹幕:1748 | 问号:238 (13.62%)
2026-05-31 09:39:00,951 - INFO - >> 数据已保存 (活跃: 7 | 🏛️总馆藏: 7)
2026-05-31 09:39:01,611 - INFO -    [NEW] 花和少年！！！... | 弹幕:4099 | 问号:20 (0.49%)
2026-05-31 09:39:03,078 - INFO -    [NEW] 终章！帝皇初临，15... | 弹幕:5948 | 问号:6 (0.10%)
2026-05-31 09:39:04,035 - INFO -    [NEW] 评分9.1！只要抵达... | 弹幕:3433 | 问号:27 (0.79%)
2026-05-31 09:39:07,081 - INFO - >> 数据已保存 (活跃: 10 | 🏛️总馆藏: 10)
2026-05-31 09:39:07,697 - INFO -    [NEW] 闲着没事想吃点刀子... | 弹幕:1552 | 问号:4 (0.26%)
2026-05-31 09:39:10,687 - INFO - >> 数据已保存 (活跃: 11 | 🏛️总馆藏: 11)
2026-05-31 09:39:13,593 - INFO -    [NEW] 这么多真的受不了啊！... | 弹幕:23451 | 问号:3411 (14.55%)
2026-05-31 09:39:15,662 - INFO - >> 数据已保存 (活跃: 12 | 🏛️总馆藏: 12)
2026-05-31 09:39:18,908 - INFO -    [NEW] 《饺特勒教你掀起波兰... | 弹幕:2299 | 问号:87 (3.78%)
2026-05-31 09:39:21,072 - INFO - >> 数据已保存 (活跃: 13 | 🏛️总馆藏: 13)
2026-05-31 09:39:26,221 - INFO - >> 数据已保存 (活跃: 13 | 🏛️总馆藏: 13)
2026-05-31 09:39:29,644 - INFO - >> 数据已保存 (活跃: 13 | 🏛️总馆藏: 13)
2026-05-31 09:39:31,375 - INFO - >> 数据已保存 (活跃: 13 | 🏛️总馆藏: 13)
2026-05-31 09:39:34,061 - INFO - >> 数据已保存 (活跃: 13 | 🏛️总馆藏: 13)
2026-05-31 09:39:36,174 - INFO - >> 数据已保存 (活跃: 13 | 🏛️总馆藏: 13)
2026-05-31 09:39:38,002 - INFO - >> 数据已保存 (活跃: 13 | 🏛️总馆藏: 13)
2026-05-31 09:39:40,080 - INFO - >> 数据已保存 (活跃: 13 | 🏛️总馆藏: 13)
2026-05-31 09:39:44,518 - INFO - >> 数据已保存 (活跃: 13 | 🏛️总馆藏: 13)
2026-05-31 09:39:55,196 - INFO - >> 数据已保存 (活跃: 13 | 🏛️总馆藏: 13)
2026-05-31 09:39:57,660 - INFO - >> 数据已保存 (活跃: 13 | 🏛️总馆藏: 13)
2026-05-31 09:39:59,237 - INFO - >> 数据已保存 (活跃: 13 | 🏛️总馆藏: 13)
2026-05-31 09:39:59,242 - INFO - --- 巡逻分区: 游戏 (Rid:4) ---
2026-05-31 09:39:59,910 - INFO -    [NEW] 杨齐家静步进塔被A达... | 弹幕:1531 | 问号:14 (0.91%)
2026-05-31 09:40:01,764 - INFO -    [NEW] 《鸣潮》过场动画 |... | 弹幕:7211 | 问号:1 (0.01%)
2026-05-31 09:40:02,903 - INFO -    [NEW] 击败”不可能“的种子... | 弹幕:3527 | 问号:48 (1.36%)
2026-05-31 09:40:05,905 - INFO - >> 数据已保存 (活跃: 16 | 🏛️总馆藏: 16)
2026-05-31 09:40:06,694 - INFO -    [NEW] 锐评WE战胜BLG：... | 弹幕:2085 | 问号:15 (0.72%)
2026-05-31 09:40:08,866 - INFO - >> 数据已保存 (活跃: 17 | 🏛️总馆藏: 17)
2026-05-31 09:40:10,917 - INFO -    [NEW] 陈千语也能看懂的终末... | 弹幕:6679 | 问号:157 (2.35%)
2026-05-31 09:40:12,818 - INFO - >> 数据已保存 (活跃: 18 | 🏛️总馆藏: 18)
2026-05-31 09:40:13,653 - INFO -    [NEW] 领域展开，天下无双！... | 弹幕:3621 | 问号:14 (0.39%)
2026-05-31 09:40:16,396 - INFO - >> 数据已保存 (活跃: 19 | 🏛️总馆藏: 19)
2026-05-31 09:40:18,325 - INFO -    [NEW] 线下专访敖厂长：那些... | 弹幕:7630 | 问号:92 (1.21%)
2026-05-31 09:40:19,654 - INFO -    [NEW] 剥蒜的情谊91.0... | 弹幕:7581 | 问号:45 (0.59%)
2026-05-31 09:40:25,068 - INFO - >> 数据已保存 (活跃: 21 | 🏛️总馆藏: 21)
2026-05-31 09:40:26,025 - INFO -    [NEW] 《暗区突围》S18赛... | 弹幕:3039 | 问号:23 (0.76%)
2026-05-31 09:40:28,813 - INFO - >> 数据已保存 (活跃: 22 | 🏛️总馆藏: 22)
2026-05-31 09:40:29,822 - INFO -    [NEW] 《重返未来：1999... | 弹幕:2697 | 问号:13 (0.48%)
2026-05-31 09:40:30,367 - INFO -    [NEW] 《原神》动画短片：「... | 弹幕:1809 | 问号:0 (0.00%)
2026-05-31 09:40:32,273 - INFO - >> 数据已保存 (活跃: 24 | 🏛️总馆藏: 24)
2026-05-31 09:40:33,398 - INFO -    [NEW] 全b站胆子最大的3个... | 弹幕:3078 | 问号:27 (0.88%)
2026-05-31 09:40:34,681 - INFO -    [NEW] 三国杀up锐评新三国... | 弹幕:4571 | 问号:19 (0.42%)
2026-05-31 09:40:41,245 - INFO -    [NEW] 【速凌宇宙】1-10... | 弹幕:36771 | 问号:268 (0.73%)
2026-05-31 09:40:43,874 - INFO - >> 数据已保存 (活跃: 27 | 🏛️总馆藏: 27)
2026-05-31 09:40:47,414 - INFO -    [NEW] 异世界的黑暗童话，妖... | 弹幕:2972 | 问号:8 (0.27%)
2026-05-31 09:40:49,817 - INFO - >> 数据已保存 (活跃: 28 | 🏛️总馆藏: 28)
2026-05-31 09:40:50,365 - INFO -    [NEW] 总感觉做了一个废稿... | 弹幕:1203 | 问号:246 (20.45%)
2026-05-31 09:40:51,836 - INFO -    [NEW] 看似瓮中捉鳖，实则胜... | 弹幕:5820 | 问号:152 (2.61%)
2026-05-31 09:40:56,099 - INFO -    [NEW] 【2026LPL第二... | 弹幕:4909 | 问号:32 (0.65%)
2026-05-31 09:40:57,760 - INFO - >> 数据已保存 (活跃: 31 | 🏛️总馆藏: 31)
2026-05-31 09:41:01,389 - INFO - >> 数据已保存 (活跃: 31 | 🏛️总馆藏: 31)
2026-05-31 09:41:03,561 - INFO - >> 数据已保存 (活跃: 31 | 🏛️总馆藏: 31)
2026-05-31 09:41:06,048 - INFO - >> 数据已保存 (活跃: 31 | 🏛️总馆藏: 31)
2026-05-31 09:41:07,840 - INFO - >> 数据已保存 (活跃: 31 | 🏛️总馆藏: 31)
2026-05-31 09:41:10,065 - INFO - >> 数据已保存 (活跃: 31 | 🏛️总馆藏: 31)
2026-05-31 09:41:12,772 - INFO - >> 数据已保存 (活跃: 31 | 🏛️总馆藏: 31)
2026-05-31 09:41:15,875 - INFO - >> 数据已保存 (活跃: 31 | 🏛️总馆藏: 31)
2026-05-31 09:41:18,779 - INFO - >> 数据已保存 (活跃: 31 | 🏛️总馆藏: 31)
2026-05-31 09:41:20,761 - INFO - >> 数据已保存 (活跃: 31 | 🏛️总馆藏: 31)
2026-05-31 09:41:23,707 - INFO - >> 数据已保存 (活跃: 31 | 🏛️总馆藏: 31)
2026-05-31 09:41:25,704 - INFO - >> 数据已保存 (活跃: 31 | 🏛️总馆藏: 31)
2026-05-31 09:41:27,764 - INFO - >> 数据已保存 (活跃: 31 | 🏛️总馆藏: 31)
2026-05-31 09:41:30,084 - INFO - >> 数据已保存 (活跃: 31 | 🏛️总馆藏: 31)
2026-05-31 09:41:32,634 - INFO - >> 数据已保存 (活跃: 31 | 🏛️总馆藏: 31)
2026-05-31 09:41:34,330 - INFO - >> 数据已保存 (活跃: 31 | 🏛️总馆藏: 31)
2026-05-31 09:41:34,339 - INFO - --- 巡逻分区: 鬼畜 (Rid:119) ---
2026-05-31 09:41:35,064 - INFO -    [NEW] 多 语 症... | 弹幕:4330 | 问号:93 (2.15%)
2026-05-31 09:41:35,956 - INFO -    [NEW] ⚡ 有一个吸铁石前来... | 弹幕:1511 | 问号:72 (4.77%)
2026-05-31 09:41:36,555 - INFO -    [NEW] ⚡对 对 子 战 神... | 弹幕:2589 | 问号:192 (7.42%)
2026-05-31 09:41:37,198 - INFO -    [NEW] "bro充实的一天"... | 弹幕:2421 | 问号:79 (3.26%)
2026-05-31 09:41:37,711 - INFO -    [NEW] “小兵”去不了乌托邦... | 弹幕:2647 | 问号:4 (0.15%)
2026-05-31 09:41:39,017 - INFO -    [NEW] 介绍海底小纵队出现过... | 弹幕:2344 | 问号:24 (1.02%)
2026-05-31 09:41:39,924 - INFO -    [NEW] 见面5秒开始战斗... | 弹幕:4589 | 问号:209 (4.55%)
2026-05-31 09:41:42,047 - INFO - >> 数据已保存 (活跃: 38 | 🏛️总馆藏: 38)
2026-05-31 09:41:42,904 - INFO -    [NEW] 您高考必上榜，先生... | 弹幕:3974 | 问号:13 (0.33%)
2026-05-31 09:41:43,449 - INFO -    [NEW] 江南的鱼是这么说的... | 弹幕:1497 | 问号:225 (15.03%)
2026-05-31 09:41:45,935 - INFO - >> 数据已保存 (活跃: 40 | 🏛️总馆藏: 40)
2026-05-31 09:41:47,547 - INFO -    [NEW] 许 仙 买 瓜... | 弹幕:10341 | 问号:533 (5.15%)
2026-05-31 09:41:48,186 - INFO -    [NEW] 亚洲二战各国军人牺牲... | 弹幕:1758 | 问号:1 (0.06%)
2026-05-31 09:41:48,754 - INFO -    [NEW] 《啥都没了》... | 弹幕:2031 | 问号:22 (1.08%)
2026-05-31 09:41:50,849 - INFO - >> 数据已保存 (活跃: 43 | 🏛️总馆藏: 43)
2026-05-31 09:41:52,452 - INFO -    [NEW] I can't wa... | 弹幕:1865 | 问号:1116 (59.84%)
2026-05-31 09:41:53,128 - INFO -    [NEW] 让 暗 号 飞 一 ... | 弹幕:1885 | 问号:4 (0.21%)
2026-05-31 09:41:53,911 - INFO -    [NEW] 瓜  摊  斗  牛... | 弹幕:4210 | 问号:180 (4.28%)
2026-05-31 09:41:56,441 - INFO - >> 数据已保存 (活跃: 46 | 🏛️总馆藏: 46)
2026-05-31 09:41:57,437 - INFO -    [NEW] 华强买瓜，但全员文青... | 弹幕:2125 | 问号:104 (4.89%)
2026-05-31 09:41:58,134 - INFO -    [NEW] “比奇堡没有乌托邦.... | 弹幕:2796 | 问号:3 (0.11%)
2026-05-31 09:42:00,843 - INFO - >> 数据已保存 (活跃: 48 | 🏛️总馆藏: 48)
2026-05-31 09:42:01,528 - INFO -    [NEW] 你的辩论固然惊艳，但... | 弹幕:1666 | 问号:3 (0.18%)
2026-05-31 09:42:02,394 - INFO -    [NEW] 🐔“雪 地 里 传 ... | 弹幕:3314 | 问号:13 (0.39%)
2026-05-31 09:42:04,041 - INFO - >> 数据已保存 (活跃: 50 | 🏛️总馆藏: 50)
2026-05-31 09:42:04,654 - INFO -    [NEW] 【逆转裁判】⚖️你是... | 弹幕:1889 | 问号:614 (32.50%)
2026-05-31 09:42:05,275 - INFO -    [NEW] 先生，您无权访问该支... | 弹幕:1817 | 问号:684 (37.64%)
2026-05-31 09:42:07,933 - INFO - >> 数据已保存 (活跃: 52 | 🏛️总馆藏: 52)
2026-05-31 09:42:08,762 - INFO -    [NEW] 2026春晚Remi... | 弹幕:2181 | 问号:607 (27.83%)
2026-05-31 09:42:09,542 - INFO -    [NEW] 【民科TV】明日香 ... | 弹幕:1672 | 问号:102 (6.10%)
2026-05-31 09:42:10,420 - INFO -    [NEW] ⚡华强买瓜，但是低音... | 弹幕:1569 | 问号:97 (6.18%)
2026-05-31 09:42:11,235 - INFO -    [NEW] Bro can't ... | 弹幕:2210 | 问号:410 (18.55%)
2026-05-31 09:42:13,031 - INFO - >> 数据已保存 (活跃: 56 | 🏛️总馆藏: 56)
2026-05-31 09:42:16,982 - INFO - >> 数据已保存 (活跃: 56 | 🏛️总馆藏: 56)
2026-05-31 09:42:49,798 - INFO - --- 巡逻分区: 生活 (Rid:160) ---
2026-05-31 09:42:52,598 - INFO -    [NEW] 老实男花30万娶二婚... | 弹幕:24968 | 问号:892 (3.57%)
2026-05-31 09:42:53,224 - INFO -    [NEW] 初代变形最合理，二代... | 弹幕:1762 | 问号:0 (0.00%)
2026-05-31 09:42:56,930 - INFO - >> 数据已保存 (活跃: 58 | 🏛️总馆藏: 58)
2026-05-31 09:42:57,548 - INFO -    [NEW] 这首歌最火的时候，也... | 弹幕:1578 | 问号:0 (0.00%)
2026-05-31 09:43:00,070 - INFO -    [NEW] “别眨眼，即兴送你一... | 弹幕:2677 | 问号:24 (0.90%)
2026-05-31 09:43:00,800 - INFO -    [NEW] 做梦都要笑醒... | 弹幕:2471 | 问号:3 (0.12%)
2026-05-31 09:43:02,539 - INFO - >> 数据已保存 (活跃: 61 | 🏛️总馆藏: 61)
2026-05-31 09:43:03,095 - INFO -    [NEW] 我好像快要没有爸爸了... | 弹幕:1666 | 问号:0 (0.00%)
2026-05-31 09:43:06,932 - INFO -    [NEW] 硬核劫匪56式全自动... | 弹幕:8075 | 问号:163 (2.02%)
2026-05-31 09:43:10,792 - INFO -    [NEW] 你把我当成他，再急头... | 弹幕:6942 | 问号:210 (3.03%)
2026-05-31 09:43:13,178 - INFO - >> 数据已保存 (活跃: 64 | 🏛️总馆藏: 64)
2026-05-31 09:43:14,669 - INFO -    [NEW] 网络热传生物鉴定 第... | 弹幕:7015 | 问号:89 (1.27%)
2026-05-31 09:43:17,805 - INFO - >> 数据已保存 (活跃: 65 | 🏛️总馆藏: 65)
2026-05-31 09:43:18,918 - INFO -    [NEW] 进山途中发现命案... | 弹幕:6934 | 问号:260 (3.75%)
2026-05-31 09:43:19,439 - INFO -    [NEW] “‘爱泼斯坦’们统治... | 弹幕:2090 | 问号:24 (1.15%)
2026-05-31 09:43:21,822 - INFO - >> 数据已保存 (活跃: 67 | 🏛️总馆藏: 67)
2026-05-31 09:43:23,264 - INFO -    [NEW] 万数之主‘‘Ω″ (... | 弹幕:2849 | 问号:8 (0.28%)
2026-05-31 09:43:23,771 - INFO -    [NEW] 反着写字... | 弹幕:1914 | 问号:3 (0.16%)
2026-05-31 09:43:24,484 - INFO -    [NEW] 童年神作PVZ究竟有... | 弹幕:1901 | 问号:19 (1.00%)
2026-05-31 09:43:25,711 - INFO -    [NEW] 和陌生网友互寄礼物，... | 弹幕:4744 | 问号:83 (1.75%)
2026-05-31 09:43:27,939 - INFO -    [NEW] 这个视频会成为你26... | 弹幕:24560 | 问号:918 (3.74%)
2026-05-31 09:43:28,465 - INFO -    [NEW] 你好 我的22岁... | 弹幕:1500 | 问号:0 (0.00%)
2026-05-31 09:43:29,845 - INFO -    [NEW] fan来了～... | 弹幕:3085 | 问号:88 (2.85%)
2026-05-31 09:43:31,788 - INFO - >> 数据已保存 (活跃: 74 | 🏛️总馆藏: 74)
2026-05-31 09:43:32,861 - INFO -    [NEW] [伪人TV]“人类是... | 弹幕:5980 | 问号:144 (2.41%)
2026-05-31 09:43:33,417 - INFO -    [NEW] 《不要笑挑战》... | 弹幕:2567 | 问号:6 (0.23%)
2026-05-31 09:43:36,218 - INFO - >> 数据已保存 (活跃: 76 | 🏛️总馆藏: 76)
2026-05-31 09:43:37,062 - INFO -    [NEW] 拍生活片真的去医院拍... | 弹幕:5347 | 问号:84 (1.57%)
2026-05-31 09:43:37,867 - INFO -    [NEW] 中国现在是不是修正主... | 弹幕:1798 | 问号:1725 (95.94%)
2026-05-31 09:43:39,346 - INFO -    [NEW] 从鹿野《成仙》图事件... | 弹幕:7595 | 问号:30 (0.39%)
2026-05-31 09:43:40,067 - INFO -    [NEW] 全球物价第一超市！英... | 弹幕:2948 | 问号:45 (1.53%)
2026-05-31 09:43:40,847 - INFO -    [NEW] 游钓广东，热到崩溃，... | 弹幕:3429 | 问号:4 (0.12%)
2026-05-31 09:43:42,312 - INFO -    [NEW] 【TF三四代舞台锐评... | 弹幕:2518 | 问号:1 (0.04%)
2026-05-31 09:43:44,233 - INFO - >> 数据已保存 (活跃: 82 | 🏛️总馆藏: 82)
2026-05-31 09:43:45,497 - INFO -    [NEW] 33岁的女护士，发现... | 弹幕:6976 | 问号:126 (1.81%)
2026-05-31 09:43:48,484 - INFO - >> 数据已保存 (活跃: 83 | 🏛️总馆藏: 83)
2026-05-31 09:43:49,445 - INFO -    [NEW] 请选择您的组织... | 弹幕:1933 | 问号:0 (0.00%)
2026-05-31 09:43:50,155 - INFO -    [NEW] 你说你有点难追... | 弹幕:2000 | 问号:1581 (79.05%)
2026-05-31 09:43:51,402 - INFO -    [NEW] 搭乘滇越火车到越南首... | 弹幕:3976 | 问号:26 (0.65%)
2026-05-31 09:43:53,866 - INFO - >> 数据已保存 (活跃: 86 | 🏛️总馆藏: 86)
2026-05-31 09:43:57,584 - INFO - >> 数据已保存 (活跃: 86 | 🏛️总馆藏: 86)
2026-05-31 09:44:00,566 - INFO - >> 数据已保存 (活跃: 86 | 🏛️总馆藏: 86)
2026-05-31 09:44:03,570 - INFO - >> 数据已保存 (活跃: 86 | 🏛️总馆藏: 86)
2026-05-31 09:44:05,550 - INFO - >> 数据已保存 (活跃: 86 | 🏛️总馆藏: 86)
2026-05-31 09:44:07,486 - INFO - >> 数据已保存 (活跃: 86 | 🏛️总馆藏: 86)
2026-05-31 09:44:09,869 - INFO - >> 数据已保存 (活跃: 86 | 🏛️总馆藏: 86)
2026-05-31 09:44:12,531 - INFO - >> 数据已保存 (活跃: 86 | 🏛️总馆藏: 86)
2026-05-31 09:44:14,803 - INFO - >> 数据已保存 (活跃: 86 | 🏛️总馆藏: 86)
2026-05-31 09:44:17,374 - INFO - >> 数据已保存 (活跃: 86 | 🏛️总馆藏: 86)
2026-05-31 09:44:20,305 - INFO - >> 数据已保存 (活跃: 86 | 🏛️总馆藏: 86)
2026-05-31 09:44:23,087 - INFO - >> 数据已保存 (活跃: 86 | 🏛️总馆藏: 86)
2026-05-31 09:44:25,443 - INFO - >> 数据已保存 (活跃: 86 | 🏛️总馆藏: 86)
2026-05-31 09:44:27,463 - INFO - >> 数据已保存 (活跃: 86 | 🏛️总馆藏: 86)
2026-05-31 09:44:29,875 - INFO - >> 数据已保存 (活跃: 86 | 🏛️总馆藏: 86)
2026-05-31 09:44:31,874 - INFO - >> 数据已保存 (活跃: 86 | 🏛️总馆藏: 86)
2026-05-31 09:44:31,894 - INFO - --- 巡逻分区: 娱乐 (Rid:5) ---
2026-05-31 09:44:40,210 - INFO -    [NEW] 【TF家族练习生】《... | 弹幕:71652 | 问号:204 (0.28%)
2026-05-31 09:44:40,953 - INFO -    [NEW] 韩娱K-pop男团排... | 弹幕:2092 | 问号:18 (0.86%)
2026-05-31 09:44:49,610 - INFO -    [NEW] 【时代少年团】「加冠... | 弹幕:73406 | 问号:655 (0.89%)
2026-05-31 09:44:53,999 - INFO -    [NEW] 诡舍 抬头的人全集 ... | 弹幕:1559 | 问号:22 (1.41%)
2026-05-31 09:44:54,496 - INFO -    [NEW] 小明的奇葩答案四... | 弹幕:1748 | 问号:5 (0.29%)
2026-05-31 09:44:56,905 - INFO - >> 数据已保存 (活跃: 91 | 🏛️总馆藏: 91)
2026-05-31 09:44:57,528 - INFO -    [NEW] 别人跳舞VS王烁然跳... | 弹幕:2030 | 问号:3 (0.15%)
